// Jest Snapshot v1, https://goo.gl/fbAQLP

exports[`tests for <RegistryRow /> should match the snapshot 1`] = `
<div>
  <table>
    <tbody>
      <tr
        class="MuiTableRow-root css-1q1u3t4-MuiTableRow-root"
      >
        <th
          class="MuiTableCell-root MuiTableCell-sizeMedium css-bsph2u-MuiTableCell-root"
          scope="row"
        >
          Invalid Date
        </th>
        <td
          class="MuiTableCell-root MuiTableCell-alignCenter MuiTableCell-sizeMedium css-1ce3qcx-MuiTableCell-root"
        >
          group 1
        </td>
        <td
          class="MuiTableCell-root MuiTableCell-alignCenter MuiTableCell-sizeMedium css-1ce3qcx-MuiTableCell-root"
        >
          System engineering
        </td>
        <td
          class="MuiTableCell-root MuiTableCell-alignCenter MuiTableCell-sizeMedium css-1lu91p5-MuiTableCell-root"
        >
          Limbert
        </td>
        <td
          class="MuiTableCell-root MuiTableCell-alignCenter MuiTableCell-sizeMedium css-1lu91p5-MuiTableCell-root"
        >
          May Ek
        </td>
        <td
          class="MuiTableCell-root MuiTableCell-alignCenter MuiTableCell-sizeMedium css-1ce3qcx-MuiTableCell-root"
        >
          Limbers
        </td>
        <td
          class="MuiTableCell-root MuiTableCell-alignCenter MuiTableCell-sizeMedium css-1lu91p5-MuiTableCell-root"
        >
          <button
            aria-controls="long-menu"
            aria-haspopup="true"
            aria-label="more"
            class="MuiButtonBase-root MuiIconButton-root MuiIconButton-sizeMedium css-78trlr-MuiButtonBase-root-MuiIconButton-root"
            data-testid="registry-menu-button"
            tabindex="0"
            type="button"
          >
            <svg
              aria-hidden="true"
              class="MuiSvgIcon-root MuiSvgIcon-fontSizeMedium css-i4bv87-MuiSvgIcon-root"
              data-testid="MoreVertIcon"
              focusable="false"
              viewBox="0 0 24 24"
            >
              <path
                d="M12 8c1.1 0 2-.9 2-2s-.9-2-2-2-2 .9-2 2 .9 2 2 2zm0 2c-1.1 0-2 .9-2 2s.9 2 2 2 2-.9 2-2-.9-2-2-2zm0 6c-1.1 0-2 .9-2 2s.9 2 2 2 2-.9 2-2-.9-2-2-2z"
              />
            </svg>
            <span
              class="MuiTouchRipple-root css-8je8zh-MuiTouchRipple-root"
            />
          </button>
        </td>
      </tr>
    </tbody>
  </table>
</div>
`;
