// Jest Snapshot v1, https://goo.gl/fbAQLP

exports[`tests for <RegistryModal /> should match the snapshot 1`] = `
<div
  aria-hidden="true"
/>
`;
