// Jest Snapshot v1, https://goo.gl/fbAQLP

exports[`tests for <QrCodeMenuOptions /> should match the snapshot 1`] = `
<div>
  <button
    aria-controls="long-menu"
    aria-haspopup="true"
    aria-label="more"
    class="MuiButtonBase-root MuiIconButton-root MuiIconButton-sizeMedium css-78trlr-MuiButtonBase-root-MuiIconButton-root"
    data-testid="qr-code-menu-button"
    tabindex="0"
    type="button"
  >
    <svg
      aria-hidden="true"
      class="MuiSvgIcon-root MuiSvgIcon-fontSizeMedium css-i4bv87-MuiSvgIcon-root"
      data-testid="MoreVertIcon"
      focusable="false"
      viewBox="0 0 24 24"
    >
      <path
        d="M12 8c1.1 0 2-.9 2-2s-.9-2-2-2-2 .9-2 2 .9 2 2 2zm0 2c-1.1 0-2 .9-2 2s.9 2 2 2 2-.9 2-2-.9-2-2-2zm0 6c-1.1 0-2 .9-2 2s.9 2 2 2 2-.9 2-2-.9-2-2-2z"
      />
    </svg>
    <span
      class="MuiTouchRipple-root css-8je8zh-MuiTouchRipple-root"
    />
  </button>
</div>
`;
