// Jest Snapshot v1, https://goo.gl/fbAQLP

exports[`tests for <QrCodeModal /> should match snapshot 1`] = `
<div
  aria-hidden="true"
/>
`;
